kotlin version: 2.4.10
error message: java.util.NoSuchElementException: Key ic#69:kotlin.text/split|split@kotlin.CharSequence(kotlin.CharArray...;kotlin.Boolean;kotlin.Int){}[0]-0 is missing in the map.
	at kotlin.collections.MapsKt__MapWithDefaultKt.getOrImplicitDefaultNullable(MapWithDefault.kt:25)
	at kotlin.collections.MapsKt__MapsKt.getValue(Maps.kt:437)
	at org.jetbrains.kotlin.backend.wasm.ir2wasm.DefinedDeclarationsResolver.resolve(DefinedDeclarationsResolver.kt:55)
	at org.jetbrains.kotlin.wasm.ir.convertors.WasmIrToBinary.appendImmediate(WasmIrToBinary.kt:298)
	at org.jetbrains.kotlin.wasm.ir.convertors.WasmIrToBinary.access$appendImmediate(WasmIrToBinary.kt:53)
	at org.jetbrains.kotlin.wasm.ir.convertors.WasmIrToBinary$appendImmediateDelegate$1.invoke(WasmIrToBinary.kt:61)
	at org.jetbrains.kotlin.wasm.ir.convertors.WasmIrToBinary$appendImmediateDelegate$1.invoke(WasmIrToBinary.kt:61)
	at org.jetbrains.kotlin.wasm.ir.WasmInstr1.forEachImmediates(WasmInstruction.kt:28)
	at org.jetbrains.kotlin.wasm.ir.convertors.WasmIrToBinary.appendInstr(WasmIrToBinary.kt:275)
	at org.jetbrains.kotlin.wasm.ir.convertors.WasmIrToBinary.appendExpr(WasmIrToBinary.kt:489)
	at org.jetbrains.kotlin.wasm.ir.convertors.WasmIrToBinary.appendCode(WasmIrToBinary.kt:596)
	at org.jetbrains.kotlin.wasm.ir.convertors.WasmIrToBinary.appendWasmModule(WasmIrToBinary.kt:178)
	at org.jetbrains.kotlin.backend.wasm.WasmCompilerKt.compileWasmIrToBinary(wasmCompiler.kt:274)
	at org.jetbrains.kotlin.cli.pipeline.web.wasm.WasmBackendPipelinePhase.compileIntermediate(WasmBackendPipelinePhase.kt:42)
	at org.jetbrains.kotlin.cli.pipeline.web.wasm.WasmBackendPipelinePhase.compileIntermediate(WasmBackendPipelinePhase.kt:31)
	at org.jetbrains.kotlin.cli.pipeline.web.WebBackendPipelinePhase.executePhase(WebBackendPipelinePhase.kt:58)
	at org.jetbrains.kotlin.cli.pipeline.web.WebBackendPipelinePhase.executePhase(WebBackendPipelinePhase.kt:36)
	at org.jetbrains.kotlin.cli.pipeline.PipelinePhase.phaseBody(PipelinePhase.kt:63)
	at org.jetbrains.kotlin.cli.pipeline.PipelinePhase.phaseBody(PipelinePhase.kt:53)
	at org.jetbrains.kotlin.config.phaser.NamedCompilerPhase.invoke(CompilerPhase.kt:102)
	at org.jetbrains.kotlin.backend.common.phaser.CompositePhase.invoke(PhaseBuilders.kt:22)
	at org.jetbrains.kotlin.config.phaser.CompilerPhaseKt.invokeToplevel(CompilerPhase.kt:53)
	at org.jetbrains.kotlin.cli.pipeline.AbstractCliPipeline.runPhasedPipeline(AbstractCliPipeline.kt:135)
	at org.jetbrains.kotlin.cli.pipeline.AbstractCliPipeline.executeAndReturnPipeLineArtifact(AbstractCliPipeline.kt:89)
	at org.jetbrains.kotlin.cli.pipeline.AbstractCliPipeline.executeAndReturnPipeLineArtifact$default(AbstractCliPipeline.kt:49)
	at org.jetbrains.kotlin.cli.pipeline.AbstractCliPipeline.execute(AbstractCliPipeline.kt:40)
	at org.jetbrains.kotlin.cli.js.KotlinWasmCompiler.doExecutePhased(KotlinWasmCompiler.kt:40)
	at org.jetbrains.kotlin.cli.js.KotlinWasmCompiler.doExecutePhased(KotlinWasmCompiler.kt:18)
	at org.jetbrains.kotlin.cli.common.CLICompiler.execImpl(CLICompiler.kt:94)
	at org.jetbrains.kotlin.cli.common.CLICompiler.exec(CLICompiler.kt:366)
	at org.jetbrains.kotlin.daemon.CompileServiceImpl.compile(CompileServiceImpl.kt:1918)
	at org.jetbrains.kotlin.daemon.CompileServiceImpl.compile(CompileServiceImpl.kt:924)
	at java.base/jdk.internal.reflect.DirectMethodHandleAccessor.invoke(DirectMethodHandleAccessor.java:104)
	at java.base/java.lang.reflect.Method.invoke(Method.java:565)
	at java.rmi/sun.rmi.server.UnicastServerRef.dispatch(UnicastServerRef.java:351)
	at java.rmi/sun.rmi.transport.Transport.serviceCall(Transport.java:166)
	at java.rmi/sun.rmi.transport.tcp.TCPTransport.handleMessages(TCPTransport.java:543)
	at java.rmi/sun.rmi.transport.tcp.TCPTransport$ConnectionHandler.run0(TCPTransport.java:744)
	at java.rmi/sun.rmi.transport.tcp.TCPTransport$ConnectionHandler.run(TCPTransport.java:623)
	at java.base/java.util.concurrent.ThreadPoolExecutor.runWorker(ThreadPoolExecutor.java:1090)
	at java.base/java.util.concurrent.ThreadPoolExecutor$Worker.run(ThreadPoolExecutor.java:614)
	at java.base/java.lang.Thread.run(Thread.java:1474)


